
Allocation des symboles communs
Symbole commun      taille            fichier

_freertos_vector_table
                    0x1               /home/ciid/Téléchargements/RaspberryPi3-FreeRTOS/build/Demo/FreeRTOS_IRQ.o

Configuration mémoire

Nom              Origine            Longueur           Attributs
RESERVED         0x0000000000000000 0x0000000000008000 r
INIT_RAM         0x0000000000008000 0x0000000000008000 xrw
RAM              0x0000000000010000 0x0000000008000000 xrw
*default*        0x0000000000000000 0xffffffffffffffff

Script de l'éditeurs de liens and table de projection mémoire

LOAD /home/ciid/Téléchargements/RaspberryPi3-FreeRTOS/build/Source/portable/GCC/ARM_CA53_64_BIT/port.o
LOAD /home/ciid/Téléchargements/RaspberryPi3-FreeRTOS/build/Source/portable/GCC/ARM_CA53_64_BIT/portASM.o
LOAD /home/ciid/Téléchargements/RaspberryPi3-FreeRTOS/build/Source/croutine.o
LOAD /home/ciid/Téléchargements/RaspberryPi3-FreeRTOS/build/Source/list.o
LOAD /home/ciid/Téléchargements/RaspberryPi3-FreeRTOS/build/Source/queue.o
LOAD /home/ciid/Téléchargements/RaspberryPi3-FreeRTOS/build/Source/tasks.o
LOAD /home/ciid/Téléchargements/RaspberryPi3-FreeRTOS/build/Demo/Drivers/irq.o
LOAD /home/ciid/Téléchargements/RaspberryPi3-FreeRTOS/build/Demo/Drivers/gpio.o
LOAD /home/ciid/Téléchargements/RaspberryPi3-FreeRTOS/build/Demo/Drivers/uart.o
LOAD /home/ciid/Téléchargements/RaspberryPi3-FreeRTOS/build/Source/portable/MemMang/heap_4.o
LOAD /home/ciid/Téléchargements/RaspberryPi3-FreeRTOS/build/Demo/boot.o
LOAD /home/ciid/Téléchargements/RaspberryPi3-FreeRTOS/build/Demo/FreeRTOS_IRQ.o
LOAD /home/ciid/Téléchargements/RaspberryPi3-FreeRTOS/build/Demo/main.o

.init
 *(.init)

.module_entries
                0x0000000000008000        0x0
                0x0000000000008000                __module_entries_start = .
 *(.module_entries)
 *(.module_entries.*)
                0x0000000000008000                __module_entries_end = .
                0x0000000000000000                __module_entries_size = SIZEOF (.module_entries)

.text           0x0000000000010000     0x5380
 *(.text)
 .text          0x0000000000010000      0x6ac /home/ciid/Téléchargements/RaspberryPi3-FreeRTOS/build/Source/portable/GCC/ARM_CA53_64_BIT/port.o
                0x0000000000010000                pxPortInitialiseStack
                0x0000000000010438                xPortStartScheduler
                0x0000000000010498                vPortEndScheduler
                0x00000000000104a0                vPortEnterCritical
                0x00000000000104e0                vPortExitCritical
                0x000000000001055c                FreeRTOS_Tick_Handler
                0x00000000000105e0                vPortTaskUsesFPU
                0x00000000000105f8                vPortClearInterruptMask
                0x0000000000010648                uxPortSetInterruptMask
 *fill*         0x00000000000106ac       0x54 
 .text          0x0000000000010700      0x658 /home/ciid/Téléchargements/RaspberryPi3-FreeRTOS/build/Source/portable/GCC/ARM_CA53_64_BIT/portASM.o
                0x0000000000010700                FreeRTOS_SWI_Handler
                0x0000000000010900                vPortRestoreTaskContext
                0x0000000000010a00                FreeRTOS_IRQ_Handler
 .text          0x0000000000010d58        0x0 /home/ciid/Téléchargements/RaspberryPi3-FreeRTOS/build/Source/croutine.o
 .text          0x0000000000010d58      0x248 /home/ciid/Téléchargements/RaspberryPi3-FreeRTOS/build/Source/list.o
                0x0000000000010d58                vListInitialise
                0x0000000000010db0                vListInitialiseItem
                0x0000000000010dcc                vListInsertEnd
                0x0000000000010e48                vListInsert
                0x0000000000010f14                uxListRemove
 .text          0x0000000000010fa0      0xd40 /home/ciid/Téléchargements/RaspberryPi3-FreeRTOS/build/Source/queue.o
                0x0000000000010fa0                xQueueGenericReset
                0x00000000000110a0                xQueueGenericCreate
                0x0000000000011198                xQueueGenericSend
                0x0000000000011334                xQueueGenericSendFromISR
                0x0000000000011424                xQueueGiveFromISR
                0x0000000000011508                xQueueGenericReceive
                0x00000000000116ec                xQueueReceiveFromISR
                0x00000000000117d8                xQueuePeekFromISR
                0x0000000000011850                uxQueueMessagesWaiting
                0x000000000001187c                uxQueueSpacesAvailable
                0x00000000000118bc                uxQueueMessagesWaitingFromISR
                0x00000000000118dc                vQueueDelete
                0x0000000000011c28                xQueueIsQueueEmptyFromISR
                0x0000000000011ca4                xQueueIsQueueFullFromISR
 .text          0x0000000000011ce0     0x24ac /home/ciid/Téléchargements/RaspberryPi3-FreeRTOS/build/Source/tasks.o
                0x0000000000011ce0                xTaskCreate
                0x00000000000120a8                vTaskDelete
                0x0000000000012240                vTaskDelayUntil
                0x000000000001233c                vTaskDelay
                0x000000000001238c                uxTaskPriorityGet
                0x00000000000123dc                uxTaskPriorityGetFromISR
                0x0000000000012434                vTaskPrioritySet
                0x0000000000012660                vTaskSuspend
                0x0000000000012864                vTaskResume
                0x0000000000012958                xTaskResumeFromISR
                0x0000000000012a64                vTaskStartScheduler
                0x0000000000012af0                vTaskEndScheduler
                0x0000000000012b20                vTaskSuspendAll
                0x0000000000012b44                xTaskResumeAll
                0x0000000000012d14                xTaskGetTickCount
                0x0000000000012d34                xTaskGetTickCountFromISR
                0x0000000000012d58                uxTaskGetNumberOfTasks
                0x0000000000012d68                pcTaskGetName
                0x0000000000012da4                xTaskIncrementTick
                0x0000000000013030                vTaskSetApplicationTaskTag
                0x0000000000013088                xTaskGetApplicationTaskTag
                0x00000000000130dc                xTaskCallApplicationTaskHook
                0x000000000001314c                vTaskSwitchContext
                0x000000000001322c                vTaskPlaceOnEventList
                0x0000000000013270                vTaskPlaceOnUnorderedEventList
                0x00000000000132d0                xTaskRemoveFromEventList
                0x00000000000133e4                xTaskRemoveFromUnorderedEventList
                0x00000000000134d8                vTaskSetTimeOutState
                0x0000000000013514                xTaskCheckForTimeOut
                0x00000000000135f8                vTaskMissedYield
                0x0000000000013868                uxTaskResetEventItemValue
                0x00000000000138b4                ulTaskNotifyTake
                0x0000000000013990                xTaskNotifyWait
                0x0000000000013ab0                xTaskGenericNotify
                0x0000000000013c54                xTaskGenericNotifyFromISR
                0x0000000000013e58                vTaskNotifyGiveFromISR
                0x0000000000013fb0                xTaskNotifyStateClear
 .text          0x000000000001418c      0x3d0 /home/ciid/Téléchargements/RaspberryPi3-FreeRTOS/build/Demo/Drivers/irq.o
                0x0000000000014254                irqHandler
                0x0000000000014304                irqUnblock
                0x0000000000014310                irqBlock
                0x000000000001431c                irqRegister
                0x0000000000014388                irqEnable
                0x000000000001446c                irqDisable
 .text          0x000000000001455c      0x584 /home/ciid/Téléchargements/RaspberryPi3-FreeRTOS/build/Demo/Drivers/gpio.o
                0x000000000001455c                SetGpioFunction
                0x0000000000014638                SetGpioDirection
                0x0000000000014660                SetGpio
                0x0000000000014710                ReadGpio
                0x0000000000014750                EnableGpioDetect
                0x00000000000148ec                DisableGpioDetect
                0x0000000000014a90                ClearGpioInterrupt
 .text          0x0000000000014ae0      0x264 /home/ciid/Téléchargements/RaspberryPi3-FreeRTOS/build/Demo/Drivers/uart.o
                0x0000000000014b7c                uart_init
                0x0000000000014cf0                uart_puts
 .text          0x0000000000014d44      0x4a0 /home/ciid/Téléchargements/RaspberryPi3-FreeRTOS/build/Source/portable/MemMang/heap_4.o
                0x0000000000014d44                pvPortMalloc
                0x0000000000014f18                vPortFree
                0x0000000000014f98                xPortGetFreeHeapSize
                0x0000000000014fa8                vPortInitialiseBlocks
 .text          0x00000000000151e4        0x0 /home/ciid/Téléchargements/RaspberryPi3-FreeRTOS/build/Demo/boot.o
 .text          0x00000000000151e4       0xf0 /home/ciid/Téléchargements/RaspberryPi3-FreeRTOS/build/Demo/FreeRTOS_IRQ.o
                0x00000000000151e4                vSetupTickInterrupt
                0x0000000000015288                vApplicationIRQHandler
                0x00000000000152a4                vTickISR
 .text          0x00000000000152d4       0xac /home/ciid/Téléchargements/RaspberryPi3-FreeRTOS/build/Demo/main.o
                0x00000000000152d4                task1
                0x00000000000152f8                task2
                0x0000000000015324                main

.iplt           0x0000000000015380        0x0
 .iplt          0x0000000000015380        0x0 /home/ciid/Téléchargements/RaspberryPi3-FreeRTOS/build/Source/portable/GCC/ARM_CA53_64_BIT/port.o

.plt            0x0000000000015380       0x30
 .plt           0x0000000000015380       0x30 /home/ciid/Téléchargements/RaspberryPi3-FreeRTOS/build/Source/portable/GCC/ARM_CA53_64_BIT/port.o
                0x00000000000153a0                memcpy@@GLIBC_2.17

.boot           0x00000000000153b0       0x88
 .boot          0x00000000000153b0       0x88 /home/ciid/Téléchargements/RaspberryPi3-FreeRTOS/build/Demo/boot.o
                0x00000000000153b0                _boot
                0x00000000000153b0                _start

.rodata         0x0000000000015438       0xde
 .rodata        0x0000000000015438       0x20 /home/ciid/Téléchargements/RaspberryPi3-FreeRTOS/build/Source/portable/GCC/ARM_CA53_64_BIT/port.o
                0x0000000000015438                ullICCEOIR
                0x0000000000015440                ullICCIAR
                0x0000000000015448                ullICCPMR
                0x0000000000015450                ullMaxAPIPriorityMask
 .rodata        0x0000000000015458       0x30 /home/ciid/Téléchargements/RaspberryPi3-FreeRTOS/build/Source/tasks.o
 .rodata        0x0000000000015488        0x8 /home/ciid/Téléchargements/RaspberryPi3-FreeRTOS/build/Demo/Drivers/irq.o
 .rodata        0x0000000000015490       0x40 /home/ciid/Téléchargements/RaspberryPi3-FreeRTOS/build/Demo/Drivers/gpio.o
                0x0000000000015490                pRegs
 .rodata        0x00000000000154d0       0x10 /home/ciid/Téléchargements/RaspberryPi3-FreeRTOS/build/Demo/Drivers/uart.o
 .rodata        0x00000000000154e0       0x10 /home/ciid/Téléchargements/RaspberryPi3-FreeRTOS/build/Source/portable/MemMang/heap_4.o
 .rodata        0x00000000000154f0        0x8 /home/ciid/Téléchargements/RaspberryPi3-FreeRTOS/build/Demo/FreeRTOS_IRQ.o
 .rodata        0x00000000000154f8       0x1e /home/ciid/Téléchargements/RaspberryPi3-FreeRTOS/build/Demo/main.o

.interp         0x0000000000015516       0x1b
 .interp        0x0000000000015516       0x1b /home/ciid/Téléchargements/RaspberryPi3-FreeRTOS/build/Source/portable/GCC/ARM_CA53_64_BIT/port.o

.gnu.version_d  0x0000000000015538        0x0
 .gnu.version_d
                0x0000000000015538        0x0 /home/ciid/Téléchargements/RaspberryPi3-FreeRTOS/build/Source/portable/GCC/ARM_CA53_64_BIT/port.o

.gnu.version    0x0000000000015532        0x4
 .gnu.version   0x0000000000015532        0x4 /home/ciid/Téléchargements/RaspberryPi3-FreeRTOS/build/Source/portable/GCC/ARM_CA53_64_BIT/port.o

.gnu.version_r  0x0000000000015538       0x20
 .gnu.version_r
                0x0000000000015538       0x20 /home/ciid/Téléchargements/RaspberryPi3-FreeRTOS/build/Source/portable/GCC/ARM_CA53_64_BIT/port.o

.dynsym         0x0000000000015558       0x30
 .dynsym        0x0000000000015558       0x30 /home/ciid/Téléchargements/RaspberryPi3-FreeRTOS/build/Source/portable/GCC/ARM_CA53_64_BIT/port.o

.dynstr         0x0000000000015588       0x1d
 .dynstr        0x0000000000015588       0x1d /home/ciid/Téléchargements/RaspberryPi3-FreeRTOS/build/Source/portable/GCC/ARM_CA53_64_BIT/port.o

.hash           0x00000000000155a8       0x14
 .hash          0x00000000000155a8       0x14 /home/ciid/Téléchargements/RaspberryPi3-FreeRTOS/build/Source/portable/GCC/ARM_CA53_64_BIT/port.o

.rela.dyn       0x00000000000155c0       0x18
 .rela.iplt     0x00000000000155c0        0x0 /home/ciid/Téléchargements/RaspberryPi3-FreeRTOS/build/Source/portable/GCC/ARM_CA53_64_BIT/port.o
 .rela.got      0x00000000000155c0        0x0 /home/ciid/Téléchargements/RaspberryPi3-FreeRTOS/build/Source/portable/GCC/ARM_CA53_64_BIT/port.o
 .rela.plt      0x00000000000155c0       0x18 /home/ciid/Téléchargements/RaspberryPi3-FreeRTOS/build/Source/portable/GCC/ARM_CA53_64_BIT/port.o
 .rela.bss      0x00000000000155d8        0x0 /home/ciid/Téléchargements/RaspberryPi3-FreeRTOS/build/Source/portable/GCC/ARM_CA53_64_BIT/port.o
 .rela.data.rel.ro
                0x00000000000155d8        0x0 /home/ciid/Téléchargements/RaspberryPi3-FreeRTOS/build/Source/portable/GCC/ARM_CA53_64_BIT/port.o

.data           0x00000000000155d8       0x10
 *(.data)
 .data          0x00000000000155d8        0x8 /home/ciid/Téléchargements/RaspberryPi3-FreeRTOS/build/Source/portable/GCC/ARM_CA53_64_BIT/port.o
                0x00000000000155d8                ullCriticalNesting
 .data          0x00000000000155e0        0x0 /home/ciid/Téléchargements/RaspberryPi3-FreeRTOS/build/Source/portable/GCC/ARM_CA53_64_BIT/portASM.o
 .data          0x00000000000155e0        0x0 /home/ciid/Téléchargements/RaspberryPi3-FreeRTOS/build/Source/croutine.o
 .data          0x00000000000155e0        0x0 /home/ciid/Téléchargements/RaspberryPi3-FreeRTOS/build/Source/list.o
 .data          0x00000000000155e0        0x0 /home/ciid/Téléchargements/RaspberryPi3-FreeRTOS/build/Source/queue.o
 .data          0x00000000000155e0        0x0 /home/ciid/Téléchargements/RaspberryPi3-FreeRTOS/build/Source/tasks.o
 .data          0x00000000000155e0        0x0 /home/ciid/Téléchargements/RaspberryPi3-FreeRTOS/build/Demo/Drivers/irq.o
 .data          0x00000000000155e0        0x0 /home/ciid/Téléchargements/RaspberryPi3-FreeRTOS/build/Demo/Drivers/gpio.o
 .data          0x00000000000155e0        0x0 /home/ciid/Téléchargements/RaspberryPi3-FreeRTOS/build/Demo/Drivers/uart.o
 .data          0x00000000000155e0        0x8 /home/ciid/Téléchargements/RaspberryPi3-FreeRTOS/build/Source/portable/MemMang/heap_4.o
 .data          0x00000000000155e8        0x0 /home/ciid/Téléchargements/RaspberryPi3-FreeRTOS/build/Demo/boot.o
 .data          0x00000000000155e8        0x0 /home/ciid/Téléchargements/RaspberryPi3-FreeRTOS/build/Demo/FreeRTOS_IRQ.o
 .data          0x00000000000155e8        0x0 /home/ciid/Téléchargements/RaspberryPi3-FreeRTOS/build/Demo/main.o

.igot.plt       0x00000000000155e8        0x0
 .igot.plt      0x00000000000155e8        0x0 /home/ciid/Téléchargements/RaspberryPi3-FreeRTOS/build/Source/portable/GCC/ARM_CA53_64_BIT/port.o

.dynamic        0x00000000000155e8      0x140
 .dynamic       0x00000000000155e8      0x140 /home/ciid/Téléchargements/RaspberryPi3-FreeRTOS/build/Source/portable/GCC/ARM_CA53_64_BIT/port.o
                0x00000000000155e8                _DYNAMIC

.got            0x0000000000015728        0x8
 .got           0x0000000000015728        0x8 /home/ciid/Téléchargements/RaspberryPi3-FreeRTOS/build/Source/portable/GCC/ARM_CA53_64_BIT/port.o
                0x0000000000015728                _GLOBAL_OFFSET_TABLE_

.got.plt        0x0000000000015730       0x20
 .got.plt       0x0000000000015730       0x20 /home/ciid/Téléchargements/RaspberryPi3-FreeRTOS/build/Source/portable/GCC/ARM_CA53_64_BIT/port.o

.data.rel.ro    0x0000000000015750        0x0
 .data.rel.ro   0x0000000000015750        0x0 /home/ciid/Téléchargements/RaspberryPi3-FreeRTOS/build/Source/portable/GCC/ARM_CA53_64_BIT/port.o

.bss            0x0000000000015750     0x16d9
                0x0000000000015750                __bss_start = .
 *(.bss)
 .bss           0x0000000000015750       0x18 /home/ciid/Téléchargements/RaspberryPi3-FreeRTOS/build/Source/portable/GCC/ARM_CA53_64_BIT/port.o
                0x0000000000015750                ullPortTaskHasFPUContext
                0x0000000000015758                ullPortYieldRequired
                0x0000000000015760                ullPortInterruptNesting
 .bss           0x0000000000015768        0x0 /home/ciid/Téléchargements/RaspberryPi3-FreeRTOS/build/Source/portable/GCC/ARM_CA53_64_BIT/portASM.o
 .bss           0x0000000000015768        0x0 /home/ciid/Téléchargements/RaspberryPi3-FreeRTOS/build/Source/croutine.o
 .bss           0x0000000000015768        0x0 /home/ciid/Téléchargements/RaspberryPi3-FreeRTOS/build/Source/list.o
 .bss           0x0000000000015768        0x0 /home/ciid/Téléchargements/RaspberryPi3-FreeRTOS/build/Source/queue.o
 .bss           0x0000000000015768      0x208 /home/ciid/Téléchargements/RaspberryPi3-FreeRTOS/build/Source/tasks.o
                0x0000000000015768                pxCurrentTCB
 .bss           0x0000000000015970      0x498 /home/ciid/Téléchargements/RaspberryPi3-FreeRTOS/build/Demo/Drivers/irq.o
 .bss           0x0000000000015e08        0x0 /home/ciid/Téléchargements/RaspberryPi3-FreeRTOS/build/Demo/Drivers/gpio.o
 .bss           0x0000000000015e08        0x0 /home/ciid/Téléchargements/RaspberryPi3-FreeRTOS/build/Demo/Drivers/uart.o
 .bss           0x0000000000015e08     0x1020 /home/ciid/Téléchargements/RaspberryPi3-FreeRTOS/build/Source/portable/MemMang/heap_4.o
                0x0000000000015e08                allocated
 .bss           0x0000000000016e28        0x0 /home/ciid/Téléchargements/RaspberryPi3-FreeRTOS/build/Demo/boot.o
 .bss           0x0000000000016e28        0x0 /home/ciid/Téléchargements/RaspberryPi3-FreeRTOS/build/Demo/FreeRTOS_IRQ.o
 .bss           0x0000000000016e28        0x0 /home/ciid/Téléchargements/RaspberryPi3-FreeRTOS/build/Demo/main.o
 *(.bss.*)
                0x0000000000016e28                __bss_end = .
 COMMON         0x0000000000016e28        0x1 /home/ciid/Téléchargements/RaspberryPi3-FreeRTOS/build/Demo/FreeRTOS_IRQ.o
                0x0000000000016e28                _freertos_vector_table
                0x0000000008010000                _estack = (ORIGIN (RAM) + LENGTH (RAM))
LOAD /usr/lib/gcc-cross/aarch64-linux-gnu/6.3.0/libgcc.a
LOAD /usr/aarch64-linux-gnu/lib/libc.so
START GROUP
LOAD /usr/aarch64-linux-gnu/lib/libc.so.6
LOAD /usr/aarch64-linux-gnu/lib/libc_nonshared.a
LOAD /usr/aarch64-linux-gnu/lib/ld-linux-aarch64.so.1
END GROUP
OUTPUT(kernel.elf elf64-littleaarch64)

.dynbss         0x0000000000016e29        0x0
 .dynbss        0x0000000000016e29        0x0 /home/ciid/Téléchargements/RaspberryPi3-FreeRTOS/build/Source/portable/GCC/ARM_CA53_64_BIT/port.o

.debug_info     0x0000000000000000     0x36ca
 .debug_info    0x0000000000000000      0x324 /home/ciid/Téléchargements/RaspberryPi3-FreeRTOS/build/Source/portable/GCC/ARM_CA53_64_BIT/port.o
 .debug_info    0x0000000000000324       0x6e /home/ciid/Téléchargements/RaspberryPi3-FreeRTOS/build/Source/croutine.o
 .debug_info    0x0000000000000392      0x2c5 /home/ciid/Téléchargements/RaspberryPi3-FreeRTOS/build/Source/list.o
 .debug_info    0x0000000000000657      0xb66 /home/ciid/Téléchargements/RaspberryPi3-FreeRTOS/build/Source/queue.o
 .debug_info    0x00000000000011bd     0x14cb /home/ciid/Téléchargements/RaspberryPi3-FreeRTOS/build/Source/tasks.o
 .debug_info    0x0000000000002688      0x30b /home/ciid/Téléchargements/RaspberryPi3-FreeRTOS/build/Demo/Drivers/irq.o
 .debug_info    0x0000000000002993      0x441 /home/ciid/Téléchargements/RaspberryPi3-FreeRTOS/build/Demo/Drivers/gpio.o
 .debug_info    0x0000000000002dd4      0x2b0 /home/ciid/Téléchargements/RaspberryPi3-FreeRTOS/build/Demo/Drivers/uart.o
 .debug_info    0x0000000000003084      0x317 /home/ciid/Téléchargements/RaspberryPi3-FreeRTOS/build/Source/portable/MemMang/heap_4.o
 .debug_info    0x000000000000339b      0x242 /home/ciid/Téléchargements/RaspberryPi3-FreeRTOS/build/Demo/FreeRTOS_IRQ.o
 .debug_info    0x00000000000035dd       0xed /home/ciid/Téléchargements/RaspberryPi3-FreeRTOS/build/Demo/main.o

.debug_abbrev   0x0000000000000000      0xcf3
 .debug_abbrev  0x0000000000000000      0x15c /home/ciid/Téléchargements/RaspberryPi3-FreeRTOS/build/Source/portable/GCC/ARM_CA53_64_BIT/port.o
 .debug_abbrev  0x000000000000015c       0x24 /home/ciid/Téléchargements/RaspberryPi3-FreeRTOS/build/Source/croutine.o
 .debug_abbrev  0x0000000000000180       0xd6 /home/ciid/Téléchargements/RaspberryPi3-FreeRTOS/build/Source/list.o
 .debug_abbrev  0x0000000000000256      0x16f /home/ciid/Téléchargements/RaspberryPi3-FreeRTOS/build/Source/queue.o
 .debug_abbrev  0x00000000000003c5      0x242 /home/ciid/Téléchargements/RaspberryPi3-FreeRTOS/build/Source/tasks.o
 .debug_abbrev  0x0000000000000607      0x12d /home/ciid/Téléchargements/RaspberryPi3-FreeRTOS/build/Demo/Drivers/irq.o
 .debug_abbrev  0x0000000000000734      0x158 /home/ciid/Téléchargements/RaspberryPi3-FreeRTOS/build/Demo/Drivers/gpio.o
 .debug_abbrev  0x000000000000088c      0x131 /home/ciid/Téléchargements/RaspberryPi3-FreeRTOS/build/Demo/Drivers/uart.o
 .debug_abbrev  0x00000000000009bd      0x197 /home/ciid/Téléchargements/RaspberryPi3-FreeRTOS/build/Source/portable/MemMang/heap_4.o
 .debug_abbrev  0x0000000000000b54      0x117 /home/ciid/Téléchargements/RaspberryPi3-FreeRTOS/build/Demo/FreeRTOS_IRQ.o
 .debug_abbrev  0x0000000000000c6b       0x88 /home/ciid/Téléchargements/RaspberryPi3-FreeRTOS/build/Demo/main.o

.debug_aranges  0x0000000000000000      0x200
 .debug_aranges
                0x0000000000000000       0x30 /home/ciid/Téléchargements/RaspberryPi3-FreeRTOS/build/Source/portable/GCC/ARM_CA53_64_BIT/port.o
 .debug_aranges
                0x0000000000000030       0x20 /home/ciid/Téléchargements/RaspberryPi3-FreeRTOS/build/Source/croutine.o
 .debug_aranges
                0x0000000000000050       0x30 /home/ciid/Téléchargements/RaspberryPi3-FreeRTOS/build/Source/list.o
 .debug_aranges
                0x0000000000000080       0x30 /home/ciid/Téléchargements/RaspberryPi3-FreeRTOS/build/Source/queue.o
 .debug_aranges
                0x00000000000000b0       0x30 /home/ciid/Téléchargements/RaspberryPi3-FreeRTOS/build/Source/tasks.o
 .debug_aranges
                0x00000000000000e0       0x30 /home/ciid/Téléchargements/RaspberryPi3-FreeRTOS/build/Demo/Drivers/irq.o
 .debug_aranges
                0x0000000000000110       0x30 /home/ciid/Téléchargements/RaspberryPi3-FreeRTOS/build/Demo/Drivers/gpio.o
 .debug_aranges
                0x0000000000000140       0x30 /home/ciid/Téléchargements/RaspberryPi3-FreeRTOS/build/Demo/Drivers/uart.o
 .debug_aranges
                0x0000000000000170       0x30 /home/ciid/Téléchargements/RaspberryPi3-FreeRTOS/build/Source/portable/MemMang/heap_4.o
 .debug_aranges
                0x00000000000001a0       0x30 /home/ciid/Téléchargements/RaspberryPi3-FreeRTOS/build/Demo/FreeRTOS_IRQ.o
 .debug_aranges
                0x00000000000001d0       0x30 /home/ciid/Téléchargements/RaspberryPi3-FreeRTOS/build/Demo/main.o

.debug_line     0x0000000000000000     0x1259
 .debug_line    0x0000000000000000      0x1d5 /home/ciid/Téléchargements/RaspberryPi3-FreeRTOS/build/Source/portable/GCC/ARM_CA53_64_BIT/port.o
 .debug_line    0x00000000000001d5       0x1d /home/ciid/Téléchargements/RaspberryPi3-FreeRTOS/build/Source/croutine.o
 .debug_line    0x00000000000001f2      0x18c /home/ciid/Téléchargements/RaspberryPi3-FreeRTOS/build/Source/list.o
 .debug_line    0x000000000000037e      0x385 /home/ciid/Téléchargements/RaspberryPi3-FreeRTOS/build/Source/queue.o
 .debug_line    0x0000000000000703      0x61e /home/ciid/Téléchargements/RaspberryPi3-FreeRTOS/build/Source/tasks.o
 .debug_line    0x0000000000000d21       0xc8 /home/ciid/Téléchargements/RaspberryPi3-FreeRTOS/build/Demo/Drivers/irq.o
 .debug_line    0x0000000000000de9       0xc2 /home/ciid/Téléchargements/RaspberryPi3-FreeRTOS/build/Demo/Drivers/gpio.o
 .debug_line    0x0000000000000eab       0xc4 /home/ciid/Téléchargements/RaspberryPi3-FreeRTOS/build/Demo/Drivers/uart.o
 .debug_line    0x0000000000000f6f      0x129 /home/ciid/Téléchargements/RaspberryPi3-FreeRTOS/build/Source/portable/MemMang/heap_4.o
 .debug_line    0x0000000000001098      0x121 /home/ciid/Téléchargements/RaspberryPi3-FreeRTOS/build/Demo/FreeRTOS_IRQ.o
 .debug_line    0x00000000000011b9       0xa0 /home/ciid/Téléchargements/RaspberryPi3-FreeRTOS/build/Demo/main.o

.debug_str      0x0000000000000000     0x1904
 .debug_str     0x0000000000000000      0x30c /home/ciid/Téléchargements/RaspberryPi3-FreeRTOS/build/Source/portable/GCC/ARM_CA53_64_BIT/port.o
                                        0x350 (taille avant relaxe)
 .debug_str     0x000000000000030c       0x45 /home/ciid/Téléchargements/RaspberryPi3-FreeRTOS/build/Source/croutine.o
                                        0x134 (taille avant relaxe)
 .debug_str     0x0000000000000351      0x169 /home/ciid/Téléchargements/RaspberryPi3-FreeRTOS/build/Source/list.o
                                        0x28f (taille avant relaxe)
 .debug_str     0x00000000000004ba      0x3cc /home/ciid/Téléchargements/RaspberryPi3-FreeRTOS/build/Source/queue.o
                                        0x5d6 (taille avant relaxe)
 .debug_str     0x0000000000000886      0x96b /home/ciid/Téléchargements/RaspberryPi3-FreeRTOS/build/Source/tasks.o
                                        0xc36 (taille avant relaxe)
 .debug_str     0x00000000000011f1      0x177 /home/ciid/Téléchargements/RaspberryPi3-FreeRTOS/build/Demo/Drivers/irq.o
                                        0x207 (taille avant relaxe)
 .debug_str     0x0000000000001368      0x23f /home/ciid/Téléchargements/RaspberryPi3-FreeRTOS/build/Demo/Drivers/gpio.o
                                        0x2df (taille avant relaxe)
 .debug_str     0x00000000000015a7       0xa9 /home/ciid/Téléchargements/RaspberryPi3-FreeRTOS/build/Demo/Drivers/uart.o
                                        0x1a8 (taille avant relaxe)
 .debug_str     0x0000000000001650      0x1c9 /home/ciid/Téléchargements/RaspberryPi3-FreeRTOS/build/Source/portable/MemMang/heap_4.o
                                        0x2e1 (taille avant relaxe)
 .debug_str     0x0000000000001819       0x9b /home/ciid/Téléchargements/RaspberryPi3-FreeRTOS/build/Demo/FreeRTOS_IRQ.o
                                        0x224 (taille avant relaxe)
 .debug_str     0x00000000000018b4       0x50 /home/ciid/Téléchargements/RaspberryPi3-FreeRTOS/build/Demo/main.o
                                        0x146 (taille avant relaxe)

.comment        0x0000000000000000       0x26
 .comment       0x0000000000000000       0x26 /home/ciid/Téléchargements/RaspberryPi3-FreeRTOS/build/Source/portable/GCC/ARM_CA53_64_BIT/port.o
                                         0x27 (taille avant relaxe)
 .comment       0x0000000000000026       0x27 /home/ciid/Téléchargements/RaspberryPi3-FreeRTOS/build/Source/croutine.o
 .comment       0x0000000000000026       0x27 /home/ciid/Téléchargements/RaspberryPi3-FreeRTOS/build/Source/list.o
 .comment       0x0000000000000026       0x27 /home/ciid/Téléchargements/RaspberryPi3-FreeRTOS/build/Source/queue.o
 .comment       0x0000000000000026       0x27 /home/ciid/Téléchargements/RaspberryPi3-FreeRTOS/build/Source/tasks.o
 .comment       0x0000000000000026       0x27 /home/ciid/Téléchargements/RaspberryPi3-FreeRTOS/build/Demo/Drivers/irq.o
 .comment       0x0000000000000026       0x27 /home/ciid/Téléchargements/RaspberryPi3-FreeRTOS/build/Demo/Drivers/gpio.o
 .comment       0x0000000000000026       0x27 /home/ciid/Téléchargements/RaspberryPi3-FreeRTOS/build/Demo/Drivers/uart.o
 .comment       0x0000000000000026       0x27 /home/ciid/Téléchargements/RaspberryPi3-FreeRTOS/build/Source/portable/MemMang/heap_4.o
 .comment       0x0000000000000026       0x27 /home/ciid/Téléchargements/RaspberryPi3-FreeRTOS/build/Demo/FreeRTOS_IRQ.o
 .comment       0x0000000000000026       0x27 /home/ciid/Téléchargements/RaspberryPi3-FreeRTOS/build/Demo/main.o

.note.GNU-stack
                0x0000000000000000        0x0
 .note.GNU-stack
                0x0000000000000000        0x0 /home/ciid/Téléchargements/RaspberryPi3-FreeRTOS/build/Source/portable/GCC/ARM_CA53_64_BIT/port.o
 .note.GNU-stack
                0x0000000000000000        0x0 /home/ciid/Téléchargements/RaspberryPi3-FreeRTOS/build/Source/croutine.o
 .note.GNU-stack
                0x0000000000000000        0x0 /home/ciid/Téléchargements/RaspberryPi3-FreeRTOS/build/Source/list.o
 .note.GNU-stack
                0x0000000000000000        0x0 /home/ciid/Téléchargements/RaspberryPi3-FreeRTOS/build/Source/queue.o
 .note.GNU-stack
                0x0000000000000000        0x0 /home/ciid/Téléchargements/RaspberryPi3-FreeRTOS/build/Source/tasks.o
 .note.GNU-stack
                0x0000000000000000        0x0 /home/ciid/Téléchargements/RaspberryPi3-FreeRTOS/build/Demo/Drivers/irq.o
 .note.GNU-stack
                0x0000000000000000        0x0 /home/ciid/Téléchargements/RaspberryPi3-FreeRTOS/build/Demo/Drivers/gpio.o
 .note.GNU-stack
                0x0000000000000000        0x0 /home/ciid/Téléchargements/RaspberryPi3-FreeRTOS/build/Demo/Drivers/uart.o
 .note.GNU-stack
                0x0000000000000000        0x0 /home/ciid/Téléchargements/RaspberryPi3-FreeRTOS/build/Source/portable/MemMang/heap_4.o
 .note.GNU-stack
                0x0000000000000000        0x0 /home/ciid/Téléchargements/RaspberryPi3-FreeRTOS/build/Demo/FreeRTOS_IRQ.o
 .note.GNU-stack
                0x0000000000000000        0x0 /home/ciid/Téléchargements/RaspberryPi3-FreeRTOS/build/Demo/main.o

.debug_frame    0x0000000000000000     0x1120
 .debug_frame   0x0000000000000000      0x130 /home/ciid/Téléchargements/RaspberryPi3-FreeRTOS/build/Source/portable/GCC/ARM_CA53_64_BIT/port.o
 .debug_frame   0x0000000000000130       0xb0 /home/ciid/Téléchargements/RaspberryPi3-FreeRTOS/build/Source/list.o
 .debug_frame   0x00000000000001e0      0x330 /home/ciid/Téléchargements/RaspberryPi3-FreeRTOS/build/Source/queue.o
 .debug_frame   0x0000000000000510      0x740 /home/ciid/Téléchargements/RaspberryPi3-FreeRTOS/build/Source/tasks.o
 .debug_frame   0x0000000000000c50      0x100 /home/ciid/Téléchargements/RaspberryPi3-FreeRTOS/build/Demo/Drivers/irq.o
 .debug_frame   0x0000000000000d50       0xf8 /home/ciid/Téléchargements/RaspberryPi3-FreeRTOS/build/Demo/Drivers/gpio.o
 .debug_frame   0x0000000000000e48       0xf0 /home/ciid/Téléchargements/RaspberryPi3-FreeRTOS/build/Demo/Drivers/uart.o
 .debug_frame   0x0000000000000f38       0xd8 /home/ciid/Téléchargements/RaspberryPi3-FreeRTOS/build/Source/portable/MemMang/heap_4.o
 .debug_frame   0x0000000000001010       0x88 /home/ciid/Téléchargements/RaspberryPi3-FreeRTOS/build/Demo/FreeRTOS_IRQ.o
 .debug_frame   0x0000000000001098       0x88 /home/ciid/Téléchargements/RaspberryPi3-FreeRTOS/build/Demo/main.o
